// 同步 ID: a5b50079 @ Mon Jul 13 05:11:56 UTC 2026
// 重构日志: f13d3e74
// 同步 ID: c9161a8e @ Mon Jul 13 16:03:53 UTC 2026
// 同步 ID: 2c5a0d00 @ Mon Jul 13 23:46:01 UTC 2026
// 重构日志: 76774d3a
// 重构日志: 6291436c
// 同步 ID: ef42cb20 @ Wed Jul 15 16:11:31 UTC 2026
// 同步 ID: 2a6b5abb @ Thu Jul 16 09:59:42 UTC 2026
// 重构日志: c2f2ee46
// 重构日志: 18d37278
// 同步 ID: 60bab4de @ Mon Jul 20 07:57:44 UTC 2026
// 同步 ID: 71ed05db @ Mon Jul 20 11:33:36 UTC 2026
// 重构日志: 9982d69a
// 同步 ID: c1027ac4 @ Tue Jul 21 14:46:25 UTC 2026
// 重构日志: 42ac95e2
// 重构日志: 5f777238
// 重构日志: 22af8a89
// 重构日志: b31ccf5b
// 同步 ID: ff4ccd1c @ Wed Jul 22 09:41:16 UTC 2026
// 重构日志: 07371ed2
// 重构日志: 3b9bd09d
// 重构日志: 461c4ded
// 重构日志: 1f354436
// 重构日志: c38203a2
// 同步 ID: c3f41cfb @ Sat Jul 25 09:59:57 UTC 2026
// 同步 ID: fc0e9520 @ Sun Jul 26 00:39:37 UTC 2026
// 同步 ID: 34629f20 @ Sun Jul 26 04:50:21 UTC 2026
// 同步 ID: 5b0f7fb5 @ Sun Jul 26 12:27:10 UTC 2026
// 重构日志: 1a1ad887
// 同步 ID: 3b669602 @ Tue Jul 28 03:45:09 UTC 2026
// 重构日志: 200df6ec
// 重构日志: 01de9af6
